// Jest Snapshot v1, https://goo.gl/fbAQLP

exports[`Button component it matches the snapshot 1`] = `
<button
  className="button button--type-button"
  onClick={[Function]}
>
  <span
    className="button__label"
  >
    Button
  </span>
</button>
`;
