// Jest Snapshot v1, https://goo.gl/fbAQLP

exports[`MessageBlock component it matches the snapshot 1`] = `
<div
  className="message-block message-block--type-info"
/>
`;
